
> Task :compileJava
/app/src/bms/player/beatoraja/audio/LegacyPCM.java:316: error: duplicate class: bms.player.beatoraja.audio.WavFileInputStream
class WavFileInputStream extends InputStream {
^
/app/src/bms/player/beatoraja/MainController.java:13: error: package org.lwjgl.input does not exist
import org.lwjgl.input.Mouse;
                      ^
/app/src/bms/player/beatoraja/MainController.java:29: error: cannot find symbol
import bms.player.beatoraja.PlayerResource.PlayMode;
                                          ^
  symbol:   class PlayMode
  location: class PlayerResource
/app/src/bms/player/beatoraja/input/BMControllerInputProcessor.java:11: error: cannot find symbol
import com.badlogic.gdx.controllers.PovDirection;
                                   ^
  symbol:   class PovDirection
  location: package com.badlogic.gdx.controllers
/app/src/bms/player/beatoraja/input/BMControllerInputProcessor.java:91: error: cannot find symbol
	public boolean povMoved(Controller arg0, int arg1, PovDirection arg2) {
	                                                   ^
  symbol:   class PovDirection
  location: class BMControllerInputProcessor
/app/src/bms/player/beatoraja/select/MusicSelector.java:18: error: cannot find symbol
import bms.player.beatoraja.Config.SongPreview;
                                  ^
  symbol:   class SongPreview
  location: class Config
/app/src/bms/player/beatoraja/result/MusicResult.java:18: error: cannot find symbol
import bms.player.beatoraja.MainController.IRStatus;
                                          ^
  symbol:   class IRStatus
  location: class MainController
/app/src/bms/player/beatoraja/result/CourseResult.java:15: error: cannot find symbol
import bms.player.beatoraja.MainController.IRStatus;
                                          ^
  symbol:   class IRStatus
  location: class MainController
/app/src/bms/player/beatoraja/MainController.java:120: error: cannot find symbol
	private PlayMode auto;
	        ^
  symbol:   class PlayMode
  location: class MainController
/app/src/bms/player/beatoraja/MainController.java:164: error: cannot find symbol
	public MainController(Path f, Config config, PlayerConfig player, PlayMode auto, boolean songUpdated) {
	                                                                  ^
  symbol:   class PlayMode
  location: class MainController
/app/src/bms/player/beatoraja/MainController.java:323: error: cannot find symbol
	public void setPlayMode(PlayMode auto) {
	                        ^
  symbol:   class PlayMode
  location: class MainController
/app/src/bms/player/beatoraja/ir/RankingData.java:11: error: cannot find symbol
import bms.player.beatoraja.MainController.IRStatus;
                                          ^
  symbol:   class IRStatus
  location: class MainController
/app/src/bms/player/beatoraja/skin/property/StringPropertyFactory.java:4: error: cannot find symbol
import bms.player.beatoraja.MainController.IRStatus;
                                          ^
  symbol:   class IRStatus
  location: class MainController
/app/src/bms/player/beatoraja/PlayConfigurationView.java:28: error: cannot find symbol
import bms.player.beatoraja.skin.JSONSkinLoader;
                                ^
  symbol:   class JSONSkinLoader
  location: package bms.player.beatoraja.skin
/app/src/bms/player/beatoraja/launcher/MusicSelectConfigurationView.java:8: error: cannot find symbol
import bms.player.beatoraja.Config.SongPreview;
                                  ^
  symbol:   class SongPreview
  location: class Config
/app/src/bms/player/beatoraja/launcher/MusicSelectConfigurationView.java:40: error: cannot find symbol
	private ComboBox<SongPreview> songPreview;
	                 ^
  symbol:   class SongPreview
  location: class MusicSelectConfigurationView
/app/src/bms/player/beatoraja/launcher/VideoConfigurationView.java:21: error: cannot find symbol
	private ComboBox<Config.DisplayMode> displayMode;
	                       ^
  symbol:   class DisplayMode
  location: class Config
/app/src/bms/player/beatoraja/skin/Skin.java:162: error: cannot find symbol
									if(!state.getBooleanValue(op)) {
									         ^
  symbol:   method getBooleanValue(int)
  location: variable state of type MainState
/app/src/bms/player/beatoraja/skin/Skin.java:182: error: cannot find symbol
									if(state.getBooleanValue(-op)) {
									        ^
  symbol:   method getBooleanValue(int)
  location: variable state of type MainState
/app/src/bms/player/beatoraja/skin/Skin.java:213: error: cannot find symbol
		final long time = state.getNowTime();
		                       ^
  symbol:   method getNowTime()
  location: variable state of type MainState
/app/src/bms/player/beatoraja/skin/Skin.java:216: error: no suitable method found for draw(SpriteBatch,long,MainState)
				obj.draw(sprite, time, state);
				   ^
    method SkinObject.draw(SkinObjectRenderer) is not applicable
      (actual and formal argument lists differ in length)
    method SkinObject.draw(SkinObjectRenderer,TextureRegion) is not applicable
      (actual and formal argument lists differ in length)
    method SkinObject.draw(SkinObjectRenderer,TextureRegion,float,float,float,float) is not applicable
      (actual and formal argument lists differ in length)
    method SkinObject.draw(SkinObjectRenderer,TextureRegion,float,float,float,float,Color,int) is not applicable
      (actual and formal argument lists differ in length)
/app/src/bms/player/beatoraja/skin/Skin.java:224: error: cannot find symbol
				if (!state.getBooleanValue(op)) {
				          ^
  symbol:   method getBooleanValue(int)
  location: variable state of type MainState
/app/src/bms/player/beatoraja/skin/Skin.java:228: error: cannot find symbol
				if (state.getBooleanValue(-op)) {
				         ^
  symbol:   method getBooleanValue(int)
  location: variable state of type MainState
/app/src/bms/player/beatoraja/skin/SkinObject.java:535: error: cannot find symbol
		sprite.setBlend(dstblend);
		      ^
  symbol:   method setBlend(int)
  location: variable sprite of type SkinObjectRenderer
/app/src/bms/player/beatoraja/skin/SkinObject.java:541: error: no suitable method found for draw(TextureRegion,float,float,float,float,float,float,int)
			sprite.draw(tmpImage, tmpRect.x, tmpRect.y, tmpRect.width, tmpRect.height, centerx , centery, angle);
			      ^
    method SpriteBatch.draw(Texture,float,float,float,float,float,float,float,float,float,int,int,int,int,boolean,boolean) is not applicable
      (actual and formal argument lists differ in length)
    method SpriteBatch.draw(Texture,float,float,float,float,int,int,int,int,boolean,boolean) is not applicable
      (actual and formal argument lists differ in length)
    method SpriteBatch.draw(Texture,float,float,int,int,int,int) is not applicable
      (actual and formal argument lists differ in length)
    method SpriteBatch.draw(Texture,float,float,float,float,float,float,float,float) is not applicable
      (actual and formal argument lists differ in length)
    method SpriteBatch.draw(Texture,float,float) is not applicable
      (actual and formal argument lists differ in length)
    method SpriteBatch.draw(Texture,float,float,float,float) is not applicable
      (actual and formal argument lists differ in length)
    method SpriteBatch.draw(Texture,float[],int,int) is not applicable
      (actual and formal argument lists differ in length)
    method SpriteBatch.draw(TextureRegion,float,float) is not applicable
      (actual and formal argument lists differ in length)
    method SpriteBatch.draw(TextureRegion,float,float,float,float) is not applicable
      (actual and formal argument lists differ in length)
    method SpriteBatch.draw(TextureRegion,float,float,float,float,float,float,float,float,float) is not applicable
      (actual and formal argument lists differ in length)
    method SpriteBatch.draw(TextureRegion,float,float,float,float,float,float,float,float,float,boolean) is not applicable
      (actual and formal argument lists differ in length)
    method SpriteBatch.draw(TextureRegion,float,float,Affine2) is not applicable
      (actual and formal argument lists differ in length)
/app/src/bms/player/beatoraja/skin/SkinObject.java:561: error: cannot find symbol
		sprite.setBlend(dstblend);
		      ^
  symbol:   method setBlend(int)
  location: variable sprite of type SkinObjectRenderer
/app/src/bms/player/beatoraja/skin/SkinObject.java:567: error: no suitable method found for draw(TextureRegion,float,float,float,float,float,float,int)
			sprite.draw(tmpImage, tmpRect.x, tmpRect.y, tmpRect.width, tmpRect.height, centerx , centery, angle);
			      ^
    method SpriteBatch.draw(Texture,float,float,float,float,float,float,float,float,float,int,int,int,int,boolean,boolean) is not applicable
      (actual and formal argument lists differ in length)
    method SpriteBatch.draw(Texture,float,float,float,float,int,int,int,int,boolean,boolean) is not applicable
      (actual and formal argument lists differ in length)
    method SpriteBatch.draw(Texture,float,float,int,int,int,int) is not applicable
      (actual and formal argument lists differ in length)
    method SpriteBatch.draw(Texture,float,float,float,float,float,float,float,float) is not applicable
      (actual and formal argument lists differ in length)
    method SpriteBatch.draw(Texture,float,float) is not applicable
      (actual and formal argument lists differ in length)
    method SpriteBatch.draw(Texture,float,float,float,float) is not applicable
      (actual and formal argument lists differ in length)
    method SpriteBatch.draw(Texture,float[],int,int) is not applicable
      (actual and formal argument lists differ in length)
    method SpriteBatch.draw(TextureRegion,float,float) is not applicable
      (actual and formal argument lists differ in length)
    method SpriteBatch.draw(TextureRegion,float,float,float,float) is not applicable
      (actual and formal argument lists differ in length)
    method SpriteBatch.draw(TextureRegion,float,float,float,float,float,float,float,float,float) is not applicable
      (actual and formal argument lists differ in length)
    method SpriteBatch.draw(TextureRegion,float,float,float,float,float,float,float,float,float,boolean) is not applicable
      (actual and formal argument lists differ in length)
    method SpriteBatch.draw(TextureRegion,float,float,Affine2) is not applicable
      (actual and formal argument lists differ in length)
/app/src/bms/player/beatoraja/SystemSoundManager.java:118: error: cannot find symbol
			main.getAudioProcessor().play(path, main.getConfig().getAudioConfig().getSystemvolume(), loop);
			                                                    ^
  symbol:   method getAudioConfig()
  location: class Config
/app/src/bms/player/beatoraja/skin/property/EventFactory.java:116: error: incompatible types: MainStateType cannot be converted to int
				state.main.changeState(MainStateType.CONFIG);
				                                    ^
/app/src/bms/player/beatoraja/skin/property/EventFactory.java:124: error: incompatible types: MainStateType cannot be converted to int
				state.main.changeState(MainStateType.SKINCONFIG);
				                                    ^
/app/src/bms/player/beatoraja/skin/property/EventFactory.java:211: error: cannot find symbol
	                pc.setFixhispeed((pc.getFixhispeed() + (arg1 >= 0 ? 1 : 4)) % 5);
	                                    ^
  symbol:   method getFixhispeed()
  location: variable pc of type PlayConfig
/app/src/bms/player/beatoraja/skin/property/EventFactory.java:222: error: cannot find symbol
		float hispeed = pc.getHispeed() + (arg1 >= 0 ? pc.getHispeedMargin() : -pc.getHispeedMargin());
		                                                 ^
  symbol:   method getHispeedMargin()
  location: variable pc of type PlayConfig
/app/src/bms/player/beatoraja/skin/property/EventFactory.java:222: error: cannot find symbol
		float hispeed = pc.getHispeed() + (arg1 >= 0 ? pc.getHispeedMargin() : -pc.getHispeedMargin());
		                                                                          ^
  symbol:   method getHispeedMargin()
  location: variable pc of type PlayConfig
/app/src/bms/player/beatoraja/skin/property/EventFactory.java:223: error: cannot find symbol
		hispeed = MathUtils.clamp(hispeed, PlayConfig.HISPEED_MIN, PlayConfig.HISPEED_MAX);
		                                             ^
  symbol:   variable HISPEED_MIN
  location: class PlayConfig
/app/src/bms/player/beatoraja/skin/property/EventFactory.java:223: error: cannot find symbol
		hispeed = MathUtils.clamp(hispeed, PlayConfig.HISPEED_MIN, PlayConfig.HISPEED_MAX);
		                                                                     ^
  symbol:   variable HISPEED_MAX
  location: class PlayConfig
/app/src/bms/player/beatoraja/skin/property/EventFactory.java:238: error: cannot find symbol
			duration = MathUtils.clamp(duration, PlayConfig.DURATION_MIN, PlayConfig.DURATION_MAX);
			                                               ^
  symbol:   variable DURATION_MIN
  location: class PlayConfig
/app/src/bms/player/beatoraja/skin/property/EventFactory.java:238: error: cannot find symbol
			duration = MathUtils.clamp(duration, PlayConfig.DURATION_MIN, PlayConfig.DURATION_MAX);
			                                                                        ^
  symbol:   variable DURATION_MAX
  location: class PlayConfig
/app/src/bms/player/beatoraja/skin/property/EventFactory.java:249: error: cannot find symbol
					pc.setHispeedAutoAdjust(!pc.isEnableHispeedAutoAdjust());
					                           ^
  symbol:   method isEnableHispeedAutoAdjust()
  location: variable pc of type PlayConfig
/app/src/bms/player/beatoraja/skin/property/EventFactory.java:268: error: cannot find symbol
			IRConnection ir = state.main.getIRStatus().length > 0 ? state.main.getIRStatus()[0].connection : null;
			                            ^
  symbol:   method getIRStatus()
  location: variable main of type MainController
/app/src/bms/player/beatoraja/skin/property/EventFactory.java:268: error: cannot find symbol
			IRConnection ir = state.main.getIRStatus().length > 0 ? state.main.getIRStatus()[0].connection : null;
			                                                                  ^
  symbol:   method getIRStatus()
  location: variable main of type MainController
/app/src/bms/player/beatoraja/skin/property/EventFactory.java:449: error: cannot find symbol
				final RivalDataAccessor rivals = state.main.getRivalDataAccessor();
				                                           ^
  symbol:   method getRivalDataAccessor()
  location: variable main of type MainController
/app/src/bms/player/beatoraja/skin/property/EventFactory.java:502: error: cannot find symbol
					selector.main.getMessageRenderer().addMessage(message, 1200, Color.GREEN, 1);
					             ^
  symbol:   method getMessageRenderer()
  location: variable main of type MainController
/app/src/bms/player/beatoraja/skin/property/EventFactory.java:555: error: cannot find symbol
					selector.main.getMessageRenderer().addMessage(message, 1200, Color.GREEN, 1);
					             ^
  symbol:   method getMessageRenderer()
  location: variable main of type MainController
/app/src/bms/player/beatoraja/skin/property/EventFactory.java:660: error: cannot find symbol
					pc.setEnablehidden(!pc.isEnablehidden());
					                      ^
  symbol:   method isEnablehidden()
  location: variable pc of type PlayConfig
/app/src/bms/player/beatoraja/skin/property/EventFactory.java:672: error: cannot find symbol
				final String jt = pc.getJudgetype();
				                    ^
  symbol:   method getJudgetype()
  location: variable pc of type PlayConfig
/app/src/bms/player/beatoraja/skin/property/EventFactory.java:675: error: cannot find symbol
						pc.setJudgetype(algorithms[(arg1 >= 0 ? i + 1 : i + algorithms.length - 1) % algorithms.length].name());
						  ^
  symbol:   method setJudgetype(String)
  location: variable pc of type PlayConfig
/app/src/bms/player/beatoraja/skin/property/EventFactory.java:753: error: cannot find symbol
					pc.setEnableConstant(!pc.isEnableConstant());
					                        ^
  symbol:   method isEnableConstant()
  location: variable pc of type PlayConfig
/app/src/bms/player/beatoraja/MainState.java:40: error: method getTimer in class MainController cannot be applied to given types;
		timer = main.getTimer();
		            ^
  required: int
  found:    no arguments
  reason: actual and formal argument lists differ in length
/app/src/bms/player/beatoraja/MainState.java:89: error: cannot find symbol
			skin.executeCustomEvent(this, id, arg1, arg2);
			    ^
  symbol:   method executeCustomEvent(MainState,int,int,int)
  location: variable skin of type Skin
/app/src/bms/player/beatoraja/MainState.java:119: error: cannot find symbol
			for (IntMap.Entry<Offset> e : skin.getOffset().entries()) {
			                                              ^
  symbol:   method entries()
  location: interface Map<Integer,Offset>
/app/src/bms/player/beatoraja/MainState.java:172: error: cannot find symbol
		return main.getSoundManager().getSound(sound);
		                             ^
  symbol:   method getSound(SoundType)
  location: class SystemSoundManager
/app/src/bms/player/beatoraja/MainState.java:180: error: cannot find symbol
		main.getSoundManager().play(sound, loop);
		                      ^
  symbol:   method play(SoundType,boolean)
  location: class SystemSoundManager
/app/src/bms/player/beatoraja/MainState.java:184: error: cannot find symbol
		main.getSoundManager().stop(sound);
		                      ^
  symbol:   method stop(SoundType)
  location: class SystemSoundManager
/app/src/bms/player/beatoraja/PlayerResource.java:531: error: cannot find symbol
		final TableDataAccessor tdaccessor = new TableDataAccessor(config.getTablepath());
		                                                                 ^
  symbol:   method getTablepath()
  location: variable config of type Config
/app/src/bms/player/beatoraja/MainController.java:174: error: method readPlayerConfig in class PlayerConfig cannot be applied to given types;
			player = PlayerConfig.readPlayerConfig(config.getPlayername());
			                     ^
  required: String,String
  found:    String
  reason: actual and formal argument lists differ in length
/app/src/bms/player/beatoraja/MainController.java:180: error: cannot find symbol
		if (config.isEnableIpfs()) {
		          ^
  symbol:   method isEnableIpfs()
  location: variable config of type Config
/app/src/bms/player/beatoraja/MainController.java:200: error: incompatible types: String cannot be converted to Config
		playdata = new PlayDataAccessor(config.getPlayername());
		                                                    ^
/app/src/bms/player/beatoraja/MainController.java:202: error: cannot find symbol
		ir = IRConnection.getIRConnection(player.getIrname());
		                                        ^
  symbol:   method getIrname()
  location: variable player of type PlayerConfig
/app/src/bms/player/beatoraja/MainController.java:204: error: cannot find symbol
			if(player.getUserid().length() == 0 || player.getPassword().length() == 0) {
			         ^
  symbol:   method getUserid()
  location: variable player of type PlayerConfig
/app/src/bms/player/beatoraja/MainController.java:204: error: cannot find symbol
			if(player.getUserid().length() == 0 || player.getPassword().length() == 0) {
			                                             ^
  symbol:   method getPassword()
  location: variable player of type PlayerConfig
/app/src/bms/player/beatoraja/MainController.java:207: error: cannot find symbol
				IRResponse response = ir.login(player.getUserid(), player.getPassword());
				                                                         ^
  symbol:   method getPassword()
  location: variable player of type PlayerConfig
/app/src/bms/player/beatoraja/MainController.java:207: error: cannot find symbol
				IRResponse response = ir.login(player.getUserid(), player.getPassword());
				                                     ^
  symbol:   method getUserid()
  location: variable player of type PlayerConfig
/app/src/bms/player/beatoraja/MainController.java:208: error: cannot find symbol
				if(!response.isSuccessed()) {
				            ^
  symbol:   method isSuccessed()
  location: variable response of type IRResponse
/app/src/bms/player/beatoraja/MainController.java:332: error: cannot find symbol
		SkinLoader.initPixmapResourcePool(config.getSkinPixmapGen());
		                                        ^
  symbol:   method getSkinPixmapGen()
  location: variable config of type Config
/app/src/bms/player/beatoraja/MainController.java:341: error: cannot find symbol
			messageRenderer.addMessage(player.getIrname() + " Connection Succeed : " + player.getUserid() ,3000, Color.GREEN, 1);
			                                 ^
  symbol:   method getIrname()
  location: variable player of type PlayerConfig
/app/src/bms/player/beatoraja/MainController.java:341: error: cannot find symbol
			messageRenderer.addMessage(player.getIrname() + " Connection Succeed : " + player.getUserid() ,3000, Color.GREEN, 1);
			                                                                                 ^
  symbol:   method getUserid()
  location: variable player of type PlayerConfig
/app/src/bms/player/beatoraja/MainController.java:344: error: constructor BMSPlayerInputProcessor in class BMSPlayerInputProcessor cannot be applied to given types;
		input = new BMSPlayerInputProcessor(config, player);
		        ^
  required: Config
  found:    Config,PlayerConfig
  reason: actual and formal argument lists differ in length
/app/src/bms/player/beatoraja/MainController.java:360: error: constructor SkinConfiguration in class SkinConfiguration cannot be applied to given types;
		skinconfig = new SkinConfiguration(this);
		             ^
  required: MainController,PlayerConfig
  found:    MainController
  reason: actual and formal argument lists differ in length
/app/src/bms/player/beatoraja/MainController.java:392: error: cannot find symbol
		if(player.getTarget() >= TargetProperty.getAllTargetProperties().length) {
		         ^
  symbol:   method getTarget()
  location: variable player of type PlayerConfig
/app/src/bms/player/beatoraja/MainController.java:392: error: cannot find symbol
		if(player.getTarget() >= TargetProperty.getAllTargetProperties().length) {
		                                       ^
  symbol:   method getAllTargetProperties()
  location: class TargetProperty
/app/src/bms/player/beatoraja/MainController.java:393: error: cannot find symbol
			player.setTarget(0);
			      ^
  symbol:   method setTarget(int)
  location: variable player of type PlayerConfig
/app/src/bms/player/beatoraja/MainController.java:406: error: cannot find symbol
		if (config.isEnableIpfs()) {
		          ^
  symbol:   method isEnableIpfs()
  location: variable config of type Config
/app/src/bms/player/beatoraja/MainController.java:407: error: cannot find symbol
			download = new MusicDownloadProcessor(config.getIpfsUrl(), (md5) -> {
			                                            ^
  symbol:   method getIpfsUrl()
  location: variable config of type Config
/app/src/bms/player/beatoraja/MainController.java:494: error: cannot find symbol
            if(input.isMouseMoved()) {
                    ^
  symbol:   method isMouseMoved()
  location: variable input of type BMSPlayerInputProcessor
/app/src/bms/player/beatoraja/MainController.java:495: error: cannot find symbol
		input.setMouseMoved(false);
		     ^
  symbol:   method setMouseMoved(boolean)
  location: variable input of type BMSPlayerInputProcessor
/app/src/bms/player/beatoraja/MainController.java:498: error: cannot find symbol
			Mouse.setGrabbed(current == bmsplayer && time > mouseMovedTime + 5000 && Mouse.isInsideWindow());
			                                                                         ^
  symbol:   variable Mouse
  location: class MainController
/app/src/bms/player/beatoraja/MainController.java:498: error: cannot find symbol
			Mouse.setGrabbed(current == bmsplayer && time > mouseMovedTime + 5000 && Mouse.isInsideWindow());
			^
  symbol:   variable Mouse
  location: class MainController
/app/src/bms/player/beatoraja/MainController.java:514: error: cannot find symbol
                config.setDisplaymode(fullscreen ? Config.DisplayMode.WINDOW : Config.DisplayMode.FULLSCREEN);
                      ^
  symbol:   method setDisplaymode(fullscreen[...]CREEN)
  location: variable config of type Config
/app/src/bms/player/beatoraja/MainController.java:514: error: cannot find symbol
                config.setDisplaymode(fullscreen ? Config.DisplayMode.WINDOW : Config.DisplayMode.FULLSCREEN);
                                                         ^
  symbol:   variable DisplayMode
  location: class Config
/app/src/bms/player/beatoraja/MainController.java:514: error: cannot find symbol
                config.setDisplaymode(fullscreen ? Config.DisplayMode.WINDOW : Config.DisplayMode.FULLSCREEN);
                                                                                     ^
  symbol:   variable DisplayMode
  location: class Config
/app/src/bms/player/beatoraja/MainController.java:559: error: cannot find symbol
				selector.getBarRender().updateBar();
				                       ^
  symbol:   method updateBar()
  location: class BarRenderer
/app/src/bms/player/beatoraja/MainController.java:617: error: cannot find symbol
		Config.write(config);
		      ^
  symbol:   method write(Config)
  location: class Config
/app/src/bms/player/beatoraja/MainController.java:618: error: method write in class PlayerConfig cannot be applied to given types;
		PlayerConfig.write(player);
		            ^
  required: String,PlayerConfig
  found:    PlayerConfig
  reason: actual and formal argument lists differ in length
/app/src/bms/player/beatoraja/MainController.java:723: error: cannot find symbol
		if(currentState.getNumberValue(NUMBER_CLEAR) >= 0 && currentState.getNumberValue(NUMBER_CLEAR) < clearTypeName.length) {
		               ^
  symbol:   method getNumberValue(int)
  location: variable currentState of type MainState
/app/src/bms/player/beatoraja/MainController.java:723: error: cannot find symbol
		if(currentState.getNumberValue(NUMBER_CLEAR) >= 0 && currentState.getNumberValue(NUMBER_CLEAR) < clearTypeName.length) {
		                                                                 ^
  symbol:   method getNumberValue(int)
  location: variable currentState of type MainState
/app/src/bms/player/beatoraja/MainController.java:724: error: cannot find symbol
			return clearTypeName[currentState.getNumberValue(NUMBER_CLEAR)];
			                                 ^
  symbol:   method getNumberValue(int)
  location: variable currentState of type MainState
/app/src/bms/player/beatoraja/MainController.java:732: error: cannot find symbol
		if(currentState.getBooleanValue(OPTION_RESULT_AAA_1P)) rankTypeName += "AAA";
		               ^
  symbol:   method getBooleanValue(int)
  location: variable currentState of type MainState
/app/src/bms/player/beatoraja/MainController.java:733: error: cannot find symbol
		else if(currentState.getBooleanValue(OPTION_RESULT_AA_1P)) rankTypeName += "AA";
		                    ^
  symbol:   method getBooleanValue(int)
  location: variable currentState of type MainState
/app/src/bms/player/beatoraja/MainController.java:734: error: cannot find symbol
		else if(currentState.getBooleanValue(OPTION_RESULT_A_1P)) rankTypeName += "A";
		                    ^
  symbol:   method getBooleanValue(int)
  location: variable currentState of type MainState
/app/src/bms/player/beatoraja/MainController.java:735: error: cannot find symbol
		else if(currentState.getBooleanValue(OPTION_RESULT_B_1P)) rankTypeName += "B";
		                    ^
  symbol:   method getBooleanValue(int)
  location: variable currentState of type MainState
/app/src/bms/player/beatoraja/MainController.java:736: error: cannot find symbol
		else if(currentState.getBooleanValue(OPTION_RESULT_C_1P)) rankTypeName += "C";
		                    ^
  symbol:   method getBooleanValue(int)
  location: variable currentState of type MainState
/app/src/bms/player/beatoraja/MainController.java:737: error: cannot find symbol
		else if(currentState.getBooleanValue(OPTION_RESULT_D_1P)) rankTypeName += "D";
		                    ^
  symbol:   method getBooleanValue(int)
  location: variable currentState of type MainState
/app/src/bms/player/beatoraja/MainController.java:738: error: cannot find symbol
		else if(currentState.getBooleanValue(OPTION_RESULT_E_1P)) rankTypeName += "E";
		                    ^
  symbol:   method getBooleanValue(int)
  location: variable currentState of type MainState
/app/src/bms/player/beatoraja/MainController.java:739: error: cannot find symbol
		else if(currentState.getBooleanValue(OPTION_RESULT_F_1P)) rankTypeName += "F";
		                    ^
  symbol:   method getBooleanValue(int)
  location: variable currentState of type MainState
/app/src/bms/player/beatoraja/MainController.java:776: error: cannot find symbol
				if(currentState.getTextValue(STRING_TABLE_LEVEL).length() > 0){
				               ^
  symbol:   method getTextValue(int)
  location: variable currentState of type MainState
/app/src/bms/player/beatoraja/MainController.java:777: error: cannot find symbol
					stateName = "_Play_" + currentState.getTextValue(STRING_TABLE_LEVEL);
					                                   ^
  symbol:   method getTextValue(int)
  location: variable currentState of type MainState
/app/src/bms/player/beatoraja/MainController.java:779: error: cannot find symbol
					stateName = "_Play_LEVEL" + currentState.getNumberValue(NUMBER_PLAYLEVEL);
					                                        ^
  symbol:   method getNumberValue(int)
  location: variable currentState of type MainState
/app/src/bms/player/beatoraja/MainController.java:781: error: cannot find symbol
				if(currentState.getTextValue(STRING_FULLTITLE).length() > 0) stateName += " " + currentState.getTextValue(STRING_FULLTITLE);
				               ^
  symbol:   method getTextValue(int)
  location: variable currentState of type MainState
/app/src/bms/player/beatoraja/MainController.java:781: error: cannot find symbol
				if(currentState.getTextValue(STRING_FULLTITLE).length() > 0) stateName += " " + currentState.getTextValue(STRING_FULLTITLE);
				                                                                                            ^
  symbol:   method getTextValue(int)
  location: variable currentState of type MainState
/app/src/bms/player/beatoraja/MainController.java:784: error: cannot find symbol
					if(currentState.getTextValue(STRING_TABLE_LEVEL).length() > 0){
					               ^
  symbol:   method getTextValue(int)
  location: variable currentState of type MainState
Note: Some input files use or override a deprecated API.
Note: Recompile with -Xlint:deprecation for details.
Note: Some input files use unchecked or unsafe operations.
Note: Recompile with -Xlint:unchecked for details.
Note: Some messages have been simplified; recompile with -Xdiags:verbose to get full output
100 errors
only showing the first 100 errors, of 1248 total; use -Xmaxerrs if you would like to see more

> Task :compileJava FAILED

FAILURE: Build failed with an exception.

* What went wrong:
Execution failed for task ':compileJava'.
> Compilation failed; see the compiler error output for details.

* Try:
> Run with --info option to get more log output.
> Run with --scan to get full insights.

BUILD FAILED in 16s
1 actionable task: 1 executed
